../Core/Src/main.c:83:5:main	8	static
../Core/Src/main.c:139:6:SystemClock_Config	88	static
../Core/Src/main.c:185:13:MX_ADC1_Init	24	static
../Core/Src/main.c:237:13:MX_ADC2_Init	8	static
../Core/Src/main.c:279:13:MX_FDCAN1_Init	8	static
../Core/Src/main.c:322:13:MX_SPI1_Init	8	static
../Core/Src/main.c:362:13:MX_TIM1_Init	128	static
../Core/Src/main.c:461:13:MX_TIM3_Init	56	static
../Core/Src/main.c:510:13:MX_USART2_UART_Init	8	static
../Core/Src/main.c:556:13:MX_DMA_Init	16	static
../Core/Src/main.c:575:13:MX_GPIO_Init	48	static
../Core/Src/main.c:652:6:Error_Handler	4	static,ignoring_inline_asm
