../Drivers/AS5x47PS/AS5x47P.c:16:9:checkReadForError	16	static
../Drivers/AS5x47PS/AS5x47P.c:21:6:parityCheck	32	static
../Drivers/AS5x47PS/AS5x47P.c:38:9:AS5047_SPI_Write	32	static
../Drivers/AS5x47PS/AS5x47P.c:80:10:AS5047_SPI_Read	32	static
../Drivers/AS5x47PS/AS5x47P.c:108:6:AS5047_SPI_Read_IT	16	static
../Drivers/AS5x47PS/AS5x47P.c:116:10:AS5047_readRegister	24	static
../Drivers/AS5x47PS/AS5x47P.c:126:6:AS5047_writeRegister	24	static
../Drivers/AS5x47PS/AS5x47P.c:141:10:AS5047_ReadZeroValue	16	static
../Drivers/AS5x47PS/AS5x47P.c:153:6:AS5047_WriteZeroValue	24	static
../Drivers/AS5x47PS/AS5x47P.c:168:10:readRegister16	24	static
../Drivers/AS5x47PS/AS5x47P.c:178:10:readData	24	static
../Drivers/AS5x47PS/AS5x47P.c:210:6:writeData	24	static
../Drivers/AS5x47PS/AS5x47P.c:237:15:readRegister	32	static
../Drivers/AS5x47PS/AS5x47P.c:252:10:getProgrammedZeroOffset	32	static
../Drivers/AS5x47PS/AS5x47P.c:284:6:writeRegister	24	static
../Drivers/AS5x47PS/AS5x47P.c:302:6:readFromRegister	16	static
../Drivers/AS5x47PS/AS5x47P.c:307:10:angleReading	16	static
../Drivers/AS5x47PS/AS5x47P.c:329:10:GetAveragedAngleReading	32	static
